Archive member included because of file (symbol)

c:/program files (x86)/gnu tools arm embedded/4.9 2015q2/bin/../lib/gcc/arm-none-eabi/4.9.3/../../../../arm-none-eabi/lib/armv6-m\libc.a(lib_a-exit.o)
                              c:/program files (x86)/gnu tools arm embedded/4.9 2015q2/bin/../lib/gcc/arm-none-eabi/4.9.3/../../../../arm-none-eabi/lib/armv6-m/crt0.o (exit)
c:/program files (x86)/gnu tools arm embedded/4.9 2015q2/bin/../lib/gcc/arm-none-eabi/4.9.3/../../../../arm-none-eabi/lib/armv6-m\libc.a(lib_a-impure.o)
                              c:/program files (x86)/gnu tools arm embedded/4.9 2015q2/bin/../lib/gcc/arm-none-eabi/4.9.3/../../../../arm-none-eabi/lib/armv6-m\libc.a(lib_a-exit.o) (_global_impure_ptr)
c:/program files (x86)/gnu tools arm embedded/4.9 2015q2/bin/../lib/gcc/arm-none-eabi/4.9.3/../../../../arm-none-eabi/lib/armv6-m\libc.a(lib_a-init.o)
                              c:/program files (x86)/gnu tools arm embedded/4.9 2015q2/bin/../lib/gcc/arm-none-eabi/4.9.3/../../../../arm-none-eabi/lib/armv6-m/crt0.o (__libc_init_array)
c:/program files (x86)/gnu tools arm embedded/4.9 2015q2/bin/../lib/gcc/arm-none-eabi/4.9.3/../../../../arm-none-eabi/lib/armv6-m\libc.a(lib_a-memset.o)
                              c:/program files (x86)/gnu tools arm embedded/4.9 2015q2/bin/../lib/gcc/arm-none-eabi/4.9.3/../../../../arm-none-eabi/lib/armv6-m/crt0.o (memset)
c:/program files (x86)/gnu tools arm embedded/4.9 2015q2/bin/../lib/gcc/arm-none-eabi/4.9.3/../../../../arm-none-eabi/lib/armv6-m\libc.a(lib_a-__call_atexit.o)
                              c:/program files (x86)/gnu tools arm embedded/4.9 2015q2/bin/../lib/gcc/arm-none-eabi/4.9.3/../../../../arm-none-eabi/lib/armv6-m\libc.a(lib_a-exit.o) (__call_exitprocs)
c:/program files (x86)/gnu tools arm embedded/4.9 2015q2/bin/../lib/gcc/arm-none-eabi/4.9.3/../../../../arm-none-eabi/lib/armv6-m\libc.a(lib_a-atexit.o)
                              c:/program files (x86)/gnu tools arm embedded/4.9 2015q2/bin/../lib/gcc/arm-none-eabi/4.9.3/../../../../arm-none-eabi/lib/armv6-m\libc.a(lib_a-__call_atexit.o) (atexit)
c:/program files (x86)/gnu tools arm embedded/4.9 2015q2/bin/../lib/gcc/arm-none-eabi/4.9.3/../../../../arm-none-eabi/lib/armv6-m\libc.a(lib_a-fini.o)
                              c:/program files (x86)/gnu tools arm embedded/4.9 2015q2/bin/../lib/gcc/arm-none-eabi/4.9.3/../../../../arm-none-eabi/lib/armv6-m\libc.a(lib_a-__call_atexit.o) (__libc_fini_array)
c:/program files (x86)/gnu tools arm embedded/4.9 2015q2/bin/../lib/gcc/arm-none-eabi/4.9.3/../../../../arm-none-eabi/lib/armv6-m\libc.a(lib_a-__atexit.o)
                              c:/program files (x86)/gnu tools arm embedded/4.9 2015q2/bin/../lib/gcc/arm-none-eabi/4.9.3/../../../../arm-none-eabi/lib/armv6-m\libc.a(lib_a-atexit.o) (__register_exitproc)
c:/program files (x86)/gnu tools arm embedded/4.9 2015q2/bin/../lib/gcc/arm-none-eabi/4.9.3/armv6-m\libgcc.a(_udivsi3.o)
                              build\obj\Debug-Win\src\startup\src\system_MKL27Z644.o (__aeabi_uidiv)
c:/program files (x86)/gnu tools arm embedded/4.9 2015q2/bin/../lib/gcc/arm-none-eabi/4.9.3/armv6-m\libgcc.a(_dvmd_tls.o)
                              c:/program files (x86)/gnu tools arm embedded/4.9 2015q2/bin/../lib/gcc/arm-none-eabi/4.9.3/armv6-m\libgcc.a(_udivsi3.o) (__aeabi_idiv0)
c:/program files (x86)/gnu tools arm embedded/4.9 2015q2/bin/../lib/gcc/arm-none-eabi/4.9.3/../../../../arm-none-eabi/lib/armv6-m\libnosys.a(_exit.o)
                              c:/program files (x86)/gnu tools arm embedded/4.9 2015q2/bin/../lib/gcc/arm-none-eabi/4.9.3/../../../../arm-none-eabi/lib/armv6-m\libc.a(lib_a-exit.o) (_exit)

Discarded input sections

 .text          0x00000000        0x0 c:/program files (x86)/gnu tools arm embedded/4.9 2015q2/bin/../lib/gcc/arm-none-eabi/4.9.3/armv6-m/crti.o
 .data          0x00000000        0x0 c:/program files (x86)/gnu tools arm embedded/4.9 2015q2/bin/../lib/gcc/arm-none-eabi/4.9.3/armv6-m/crti.o
 .bss           0x00000000        0x0 c:/program files (x86)/gnu tools arm embedded/4.9 2015q2/bin/../lib/gcc/arm-none-eabi/4.9.3/armv6-m/crti.o
 .data          0x00000000        0x4 c:/program files (x86)/gnu tools arm embedded/4.9 2015q2/bin/../lib/gcc/arm-none-eabi/4.9.3/armv6-m/crtbegin.o
 .data          0x00000000        0x0 c:/program files (x86)/gnu tools arm embedded/4.9 2015q2/bin/../lib/gcc/arm-none-eabi/4.9.3/../../../../arm-none-eabi/lib/armv6-m/crt0.o
 .bss           0x00000000        0x0 c:/program files (x86)/gnu tools arm embedded/4.9 2015q2/bin/../lib/gcc/arm-none-eabi/4.9.3/../../../../arm-none-eabi/lib/armv6-m/crt0.o
 .ARM.extab     0x00000000        0x0 c:/program files (x86)/gnu tools arm embedded/4.9 2015q2/bin/../lib/gcc/arm-none-eabi/4.9.3/../../../../arm-none-eabi/lib/armv6-m/crt0.o
 .group         0x00000000        0x8 build\obj\Debug-Win\src\application\main.o
 .group         0x00000000        0x8 build\obj\Debug-Win\src\application\main.o
 .group         0x00000000        0x8 build\obj\Debug-Win\src\application\main.o
 .group         0x00000000        0x8 build\obj\Debug-Win\src\application\main.o
 .group         0x00000000        0x8 build\obj\Debug-Win\src\application\main.o
 .group         0x00000000        0x8 build\obj\Debug-Win\src\application\main.o
 .group         0x00000000        0x8 build\obj\Debug-Win\src\application\main.o
 .group         0x00000000        0x8 build\obj\Debug-Win\src\application\main.o
 .group         0x00000000        0x8 build\obj\Debug-Win\src\application\main.o
 .group         0x00000000        0x8 build\obj\Debug-Win\src\application\main.o
 .group         0x00000000        0x8 build\obj\Debug-Win\src\application\main.o
 .group         0x00000000        0x8 build\obj\Debug-Win\src\application\main.o
 .group         0x00000000        0x8 build\obj\Debug-Win\src\application\main.o
 .group         0x00000000        0x8 build\obj\Debug-Win\src\application\main.o
 .data          0x00000000        0x0 build\obj\Debug-Win\src\application\main.o
 .bss           0x00000000        0x0 build\obj\Debug-Win\src\application\main.o
 .data          0x00000000        0x0 build\obj\Debug-Win\src\startup\src\startup_MKL27Z644.o
 .bss           0x00000000        0x0 build\obj\Debug-Win\src\startup\src\startup_MKL27Z644.o
 .group         0x00000000        0x8 build\obj\Debug-Win\src\startup\src\system_MKL27Z644.o
 .group         0x00000000        0x8 build\obj\Debug-Win\src\startup\src\system_MKL27Z644.o
 .group         0x00000000        0x8 build\obj\Debug-Win\src\startup\src\system_MKL27Z644.o
 .group         0x00000000        0x8 build\obj\Debug-Win\src\startup\src\system_MKL27Z644.o
 .group         0x00000000        0x8 build\obj\Debug-Win\src\startup\src\system_MKL27Z644.o
 .group         0x00000000        0x8 build\obj\Debug-Win\src\startup\src\system_MKL27Z644.o
 .group         0x00000000        0x8 build\obj\Debug-Win\src\startup\src\system_MKL27Z644.o
 .group         0x00000000        0x8 build\obj\Debug-Win\src\startup\src\system_MKL27Z644.o
 .group         0x00000000        0x8 build\obj\Debug-Win\src\startup\src\system_MKL27Z644.o
 .group         0x00000000        0x8 build\obj\Debug-Win\src\startup\src\system_MKL27Z644.o
 .group         0x00000000        0x8 build\obj\Debug-Win\src\startup\src\system_MKL27Z644.o
 .group         0x00000000        0x8 build\obj\Debug-Win\src\startup\src\system_MKL27Z644.o
 .bss           0x00000000        0x0 build\obj\Debug-Win\src\startup\src\system_MKL27Z644.o
 .debug_macro   0x00000000      0x81a build\obj\Debug-Win\src\startup\src\system_MKL27Z644.o
 .debug_macro   0x00000000       0x22 build\obj\Debug-Win\src\startup\src\system_MKL27Z644.o
 .debug_macro   0x00000000       0x44 build\obj\Debug-Win\src\startup\src\system_MKL27Z644.o
 .debug_macro   0x00000000       0x58 build\obj\Debug-Win\src\startup\src\system_MKL27Z644.o
 .debug_macro   0x00000000       0x22 build\obj\Debug-Win\src\startup\src\system_MKL27Z644.o
 .debug_macro   0x00000000      0x1df build\obj\Debug-Win\src\startup\src\system_MKL27Z644.o
 .debug_macro   0x00000000       0x3a build\obj\Debug-Win\src\startup\src\system_MKL27Z644.o
 .debug_macro   0x00000000       0x1f build\obj\Debug-Win\src\startup\src\system_MKL27Z644.o
 .debug_macro   0x00000000      0x250 build\obj\Debug-Win\src\startup\src\system_MKL27Z644.o
 .debug_macro   0x00000000       0xa4 build\obj\Debug-Win\src\startup\src\system_MKL27Z644.o
 .debug_macro   0x00000000     0x5e3e build\obj\Debug-Win\src\startup\src\system_MKL27Z644.o
 .text          0x00000000        0x0 c:/program files (x86)/gnu tools arm embedded/4.9 2015q2/bin/../lib/gcc/arm-none-eabi/4.9.3/../../../../arm-none-eabi/lib/armv6-m\libc.a(lib_a-exit.o)
 .data          0x00000000        0x0 c:/program files (x86)/gnu tools arm embedded/4.9 2015q2/bin/../lib/gcc/arm-none-eabi/4.9.3/../../../../arm-none-eabi/lib/armv6-m\libc.a(lib_a-exit.o)
 .bss           0x00000000        0x0 c:/program files (x86)/gnu tools arm embedded/4.9 2015q2/bin/../lib/gcc/arm-none-eabi/4.9.3/../../../../arm-none-eabi/lib/armv6-m\libc.a(lib_a-exit.o)
 .text          0x00000000        0x0 c:/program files (x86)/gnu tools arm embedded/4.9 2015q2/bin/../lib/gcc/arm-none-eabi/4.9.3/../../../../arm-none-eabi/lib/armv6-m\libc.a(lib_a-impure.o)
 .data          0x00000000        0x0 c:/program files (x86)/gnu tools arm embedded/4.9 2015q2/bin/../lib/gcc/arm-none-eabi/4.9.3/../../../../arm-none-eabi/lib/armv6-m\libc.a(lib_a-impure.o)
 .bss           0x00000000        0x0 c:/program files (x86)/gnu tools arm embedded/4.9 2015q2/bin/../lib/gcc/arm-none-eabi/4.9.3/../../../../arm-none-eabi/lib/armv6-m\libc.a(lib_a-impure.o)
 .data._impure_ptr
                0x00000000        0x4 c:/program files (x86)/gnu tools arm embedded/4.9 2015q2/bin/../lib/gcc/arm-none-eabi/4.9.3/../../../../arm-none-eabi/lib/armv6-m\libc.a(lib_a-impure.o)
 .text          0x00000000        0x0 c:/program files (x86)/gnu tools arm embedded/4.9 2015q2/bin/../lib/gcc/arm-none-eabi/4.9.3/../../../../arm-none-eabi/lib/armv6-m\libc.a(lib_a-init.o)
 .data          0x00000000        0x0 c:/program files (x86)/gnu tools arm embedded/4.9 2015q2/bin/../lib/gcc/arm-none-eabi/4.9.3/../../../../arm-none-eabi/lib/armv6-m\libc.a(lib_a-init.o)
 .bss           0x00000000        0x0 c:/program files (x86)/gnu tools arm embedded/4.9 2015q2/bin/../lib/gcc/arm-none-eabi/4.9.3/../../../../arm-none-eabi/lib/armv6-m\libc.a(lib_a-init.o)
 .text          0x00000000        0x0 c:/program files (x86)/gnu tools arm embedded/4.9 2015q2/bin/../lib/gcc/arm-none-eabi/4.9.3/../../../../arm-none-eabi/lib/armv6-m\libc.a(lib_a-memset.o)
 .data          0x00000000        0x0 c:/program files (x86)/gnu tools arm embedded/4.9 2015q2/bin/../lib/gcc/arm-none-eabi/4.9.3/../../../../arm-none-eabi/lib/armv6-m\libc.a(lib_a-memset.o)
 .bss           0x00000000        0x0 c:/program files (x86)/gnu tools arm embedded/4.9 2015q2/bin/../lib/gcc/arm-none-eabi/4.9.3/../../../../arm-none-eabi/lib/armv6-m\libc.a(lib_a-memset.o)
 .text          0x00000000        0x0 c:/program files (x86)/gnu tools arm embedded/4.9 2015q2/bin/../lib/gcc/arm-none-eabi/4.9.3/../../../../arm-none-eabi/lib/armv6-m\libc.a(lib_a-__call_atexit.o)
 .data          0x00000000        0x0 c:/program files (x86)/gnu tools arm embedded/4.9 2015q2/bin/../lib/gcc/arm-none-eabi/4.9.3/../../../../arm-none-eabi/lib/armv6-m\libc.a(lib_a-__call_atexit.o)
 .bss           0x00000000        0x0 c:/program files (x86)/gnu tools arm embedded/4.9 2015q2/bin/../lib/gcc/arm-none-eabi/4.9.3/../../../../arm-none-eabi/lib/armv6-m\libc.a(lib_a-__call_atexit.o)
 .text          0x00000000        0x0 c:/program files (x86)/gnu tools arm embedded/4.9 2015q2/bin/../lib/gcc/arm-none-eabi/4.9.3/../../../../arm-none-eabi/lib/armv6-m\libc.a(lib_a-atexit.o)
 .data          0x00000000        0x0 c:/program files (x86)/gnu tools arm embedded/4.9 2015q2/bin/../lib/gcc/arm-none-eabi/4.9.3/../../../../arm-none-eabi/lib/armv6-m\libc.a(lib_a-atexit.o)
 .bss           0x00000000        0x0 c:/program files (x86)/gnu tools arm embedded/4.9 2015q2/bin/../lib/gcc/arm-none-eabi/4.9.3/../../../../arm-none-eabi/lib/armv6-m\libc.a(lib_a-atexit.o)
 .text          0x00000000        0x0 c:/program files (x86)/gnu tools arm embedded/4.9 2015q2/bin/../lib/gcc/arm-none-eabi/4.9.3/../../../../arm-none-eabi/lib/armv6-m\libc.a(lib_a-fini.o)
 .data          0x00000000        0x0 c:/program files (x86)/gnu tools arm embedded/4.9 2015q2/bin/../lib/gcc/arm-none-eabi/4.9.3/../../../../arm-none-eabi/lib/armv6-m\libc.a(lib_a-fini.o)
 .bss           0x00000000        0x0 c:/program files (x86)/gnu tools arm embedded/4.9 2015q2/bin/../lib/gcc/arm-none-eabi/4.9.3/../../../../arm-none-eabi/lib/armv6-m\libc.a(lib_a-fini.o)
 .text          0x00000000        0x0 c:/program files (x86)/gnu tools arm embedded/4.9 2015q2/bin/../lib/gcc/arm-none-eabi/4.9.3/../../../../arm-none-eabi/lib/armv6-m\libc.a(lib_a-__atexit.o)
 .data          0x00000000        0x0 c:/program files (x86)/gnu tools arm embedded/4.9 2015q2/bin/../lib/gcc/arm-none-eabi/4.9.3/../../../../arm-none-eabi/lib/armv6-m\libc.a(lib_a-__atexit.o)
 .bss           0x00000000        0x0 c:/program files (x86)/gnu tools arm embedded/4.9 2015q2/bin/../lib/gcc/arm-none-eabi/4.9.3/../../../../arm-none-eabi/lib/armv6-m\libc.a(lib_a-__atexit.o)
 .data          0x00000000        0x0 c:/program files (x86)/gnu tools arm embedded/4.9 2015q2/bin/../lib/gcc/arm-none-eabi/4.9.3/armv6-m\libgcc.a(_udivsi3.o)
 .bss           0x00000000        0x0 c:/program files (x86)/gnu tools arm embedded/4.9 2015q2/bin/../lib/gcc/arm-none-eabi/4.9.3/armv6-m\libgcc.a(_udivsi3.o)
 .data          0x00000000        0x0 c:/program files (x86)/gnu tools arm embedded/4.9 2015q2/bin/../lib/gcc/arm-none-eabi/4.9.3/armv6-m\libgcc.a(_dvmd_tls.o)
 .bss           0x00000000        0x0 c:/program files (x86)/gnu tools arm embedded/4.9 2015q2/bin/../lib/gcc/arm-none-eabi/4.9.3/armv6-m\libgcc.a(_dvmd_tls.o)
 .text          0x00000000        0x0 c:/program files (x86)/gnu tools arm embedded/4.9 2015q2/bin/../lib/gcc/arm-none-eabi/4.9.3/../../../../arm-none-eabi/lib/armv6-m\libnosys.a(_exit.o)
 .data          0x00000000        0x0 c:/program files (x86)/gnu tools arm embedded/4.9 2015q2/bin/../lib/gcc/arm-none-eabi/4.9.3/../../../../arm-none-eabi/lib/armv6-m\libnosys.a(_exit.o)
 .bss           0x00000000        0x0 c:/program files (x86)/gnu tools arm embedded/4.9 2015q2/bin/../lib/gcc/arm-none-eabi/4.9.3/../../../../arm-none-eabi/lib/armv6-m\libnosys.a(_exit.o)
 .text          0x00000000        0x0 c:/program files (x86)/gnu tools arm embedded/4.9 2015q2/bin/../lib/gcc/arm-none-eabi/4.9.3/armv6-m/crtend.o
 .data          0x00000000        0x0 c:/program files (x86)/gnu tools arm embedded/4.9 2015q2/bin/../lib/gcc/arm-none-eabi/4.9.3/armv6-m/crtend.o
 .bss           0x00000000        0x0 c:/program files (x86)/gnu tools arm embedded/4.9 2015q2/bin/../lib/gcc/arm-none-eabi/4.9.3/armv6-m/crtend.o
 .eh_frame      0x00000000        0x4 c:/program files (x86)/gnu tools arm embedded/4.9 2015q2/bin/../lib/gcc/arm-none-eabi/4.9.3/armv6-m/crtend.o
 .text          0x00000000        0x0 c:/program files (x86)/gnu tools arm embedded/4.9 2015q2/bin/../lib/gcc/arm-none-eabi/4.9.3/armv6-m/crtn.o
 .data          0x00000000        0x0 c:/program files (x86)/gnu tools arm embedded/4.9 2015q2/bin/../lib/gcc/arm-none-eabi/4.9.3/armv6-m/crtn.o
 .bss           0x00000000        0x0 c:/program files (x86)/gnu tools arm embedded/4.9 2015q2/bin/../lib/gcc/arm-none-eabi/4.9.3/armv6-m/crtn.o

Memory Configuration

Name             Origin             Length             Attributes
m_interrupts     0x00000000         0x00000100         xr
m_flash_config   0x00000400         0x00000010         xr
m_text           0x00000410         0x0000fbf0         xr
m_data           0x1ffff000         0x00004000         rw
*default*        0x00000000         0xffffffff

Linker script and memory map

LOAD c:/program files (x86)/gnu tools arm embedded/4.9 2015q2/bin/../lib/gcc/arm-none-eabi/4.9.3/armv6-m/crti.o
LOAD c:/program files (x86)/gnu tools arm embedded/4.9 2015q2/bin/../lib/gcc/arm-none-eabi/4.9.3/armv6-m/crtbegin.o
LOAD c:/program files (x86)/gnu tools arm embedded/4.9 2015q2/bin/../lib/gcc/arm-none-eabi/4.9.3/../../../../arm-none-eabi/lib/armv6-m/crt0.o
LOAD build\obj\Debug-Win\src\application\main.o
LOAD build\obj\Debug-Win\src\startup\src\startup_MKL27Z644.o
LOAD build\obj\Debug-Win\src\startup\src\system_MKL27Z644.o
LOAD c:/program files (x86)/gnu tools arm embedded/4.9 2015q2/bin/../lib/gcc/arm-none-eabi/4.9.3/../../../../arm-none-eabi/lib/armv6-m\libc.a
START GROUP
LOAD c:/program files (x86)/gnu tools arm embedded/4.9 2015q2/bin/../lib/gcc/arm-none-eabi/4.9.3/armv6-m\libgcc.a
LOAD c:/program files (x86)/gnu tools arm embedded/4.9 2015q2/bin/../lib/gcc/arm-none-eabi/4.9.3/../../../../arm-none-eabi/lib/armv6-m\libg.a
LOAD c:/program files (x86)/gnu tools arm embedded/4.9 2015q2/bin/../lib/gcc/arm-none-eabi/4.9.3/../../../../arm-none-eabi/lib/armv6-m\libc.a
END GROUP
START GROUP
LOAD c:/program files (x86)/gnu tools arm embedded/4.9 2015q2/bin/../lib/gcc/arm-none-eabi/4.9.3/armv6-m\libgcc.a
LOAD c:/program files (x86)/gnu tools arm embedded/4.9 2015q2/bin/../lib/gcc/arm-none-eabi/4.9.3/../../../../arm-none-eabi/lib/armv6-m\libc.a
LOAD c:/program files (x86)/gnu tools arm embedded/4.9 2015q2/bin/../lib/gcc/arm-none-eabi/4.9.3/../../../../arm-none-eabi/lib/armv6-m\libnosys.a
END GROUP
LOAD c:/program files (x86)/gnu tools arm embedded/4.9 2015q2/bin/../lib/gcc/arm-none-eabi/4.9.3/armv6-m/crtend.o
LOAD c:/program files (x86)/gnu tools arm embedded/4.9 2015q2/bin/../lib/gcc/arm-none-eabi/4.9.3/armv6-m/crtn.o
                0x00000400                HEAP_SIZE = DEFINED (__heap_size__)?__heap_size__:0x400
                0x00000400                STACK_SIZE = DEFINED (__stack_size__)?__stack_size__:0x400

.interrupts     0x00000000       0xc0
                0x00000000                __VECTOR_TABLE = .
                0x00000000                . = ALIGN (0x4)
 *(.isr_vector)
 .isr_vector    0x00000000       0xc0 build\obj\Debug-Win\src\startup\src\startup_MKL27Z644.o
                0x00000000                __isr_vector
                0x000000c0                . = ALIGN (0x4)

.flash_config   0x00000400       0x10
                0x00000400                . = ALIGN (0x4)
 *(.FlashConfig)
 .FlashConfig   0x00000400       0x10 build\obj\Debug-Win\src\startup\src\startup_MKL27Z644.o
                0x00000410                . = ALIGN (0x4)

.text           0x00000410      0x730
                0x00000410                . = ALIGN (0x4)
 *(.text)
 .text          0x00000410       0x60 c:/program files (x86)/gnu tools arm embedded/4.9 2015q2/bin/../lib/gcc/arm-none-eabi/4.9.3/armv6-m/crtbegin.o
 .text          0x00000470       0x78 c:/program files (x86)/gnu tools arm embedded/4.9 2015q2/bin/../lib/gcc/arm-none-eabi/4.9.3/../../../../arm-none-eabi/lib/armv6-m/crt0.o
                0x00000470                _start
                0x00000470                _mainCRTStartup
 .text          0x000004e8       0x9c build\obj\Debug-Win\src\application\main.o
                0x000004e8                gpio_init
                0x00000550                delay
 .text          0x00000584       0x48 build\obj\Debug-Win\src\startup\src\startup_MKL27Z644.o
                0x00000584                Reset_Handler
                0x000005c4                HardFault_Handler
                0x000005c4                SysTick_Handler
                0x000005c4                PendSV_Handler
                0x000005c4                NMI_Handler
                0x000005c4                I2C1_IRQHandler
                0x000005c4                DMA2_IRQHandler
                0x000005c4                TPM0_IRQHandler
                0x000005c4                LLWU_IRQHandler
                0x000005c4                Reserved42_IRQHandler
                0x000005c4                ADC0_IRQHandler
                0x000005c4                Reserved39_IRQHandler
                0x000005c4                PORTBCDE_IRQHandler
                0x000005c4                SPI1_IRQHandler
                0x000005c4                DefaultISR
                0x000005c4                TPM2_IRQHandler
                0x000005c4                Reserved43_IRQHandler
                0x000005c4                RTC_IRQHandler
                0x000005c4                I2C0_IRQHandler
                0x000005c4                RTC_Seconds_IRQHandler
                0x000005c4                Reserved20_IRQHandler
                0x000005c4                USB0_IRQHandler
                0x000005c4                Reserved41_IRQHandler
                0x000005c4                PIT_IRQHandler
                0x000005c4                SVC_Handler
                0x000005c4                DMA3_IRQHandler
                0x000005c4                DMA0_IRQHandler
                0x000005c4                LPUART0_IRQHandler
                0x000005c4                Reserved45_IRQHandler
                0x000005c4                LPUART1_IRQHandler
                0x000005c4                PMC_IRQHandler
                0x000005c4                TPM1_IRQHandler
                0x000005c4                SPI0_IRQHandler
                0x000005c4                PORTA_IRQHandler
                0x000005c4                FTFA_IRQHandler
                0x000005c4                LPTMR0_IRQHandler
                0x000005c4                UART2_FLEXIO_IRQHandler
                0x000005c4                CMP0_IRQHandler
                0x000005c4                DMA1_IRQHandler
 .text          0x000005cc       0xe8 build\obj\Debug-Win\src\startup\src\system_MKL27Z644.o
                0x000005cc                SystemInit
                0x00000650                SystemCoreClockUpdate
 .text          0x000006b4      0x120 c:/program files (x86)/gnu tools arm embedded/4.9 2015q2/bin/../lib/gcc/arm-none-eabi/4.9.3/armv6-m\libgcc.a(_udivsi3.o)
                0x000006b4                __aeabi_uidiv
                0x000006b4                __udivsi3
                0x000007c0                __aeabi_uidivmod
 .text          0x000007d4        0x4 c:/program files (x86)/gnu tools arm embedded/4.9 2015q2/bin/../lib/gcc/arm-none-eabi/4.9.3/armv6-m\libgcc.a(_dvmd_tls.o)
                0x000007d4                __aeabi_idiv0
                0x000007d4                __aeabi_ldiv0
 *(.text*)
 .text.startup  0x000007d8       0x18 build\obj\Debug-Win\src\application\main.o
                0x000007d8                main
 .text.exit     0x000007f0       0x20 c:/program files (x86)/gnu tools arm embedded/4.9 2015q2/bin/../lib/gcc/arm-none-eabi/4.9.3/../../../../arm-none-eabi/lib/armv6-m\libc.a(lib_a-exit.o)
                0x000007f0                exit
 .text.__libc_init_array
                0x00000810       0x48 c:/program files (x86)/gnu tools arm embedded/4.9 2015q2/bin/../lib/gcc/arm-none-eabi/4.9.3/../../../../arm-none-eabi/lib/armv6-m\libc.a(lib_a-init.o)
                0x00000810                __libc_init_array
 .text.memset   0x00000858       0x8c c:/program files (x86)/gnu tools arm embedded/4.9 2015q2/bin/../lib/gcc/arm-none-eabi/4.9.3/../../../../arm-none-eabi/lib/armv6-m\libc.a(lib_a-memset.o)
                0x00000858                memset
 .text.startup.register_fini
                0x000008e4       0x18 c:/program files (x86)/gnu tools arm embedded/4.9 2015q2/bin/../lib/gcc/arm-none-eabi/4.9.3/../../../../arm-none-eabi/lib/armv6-m\libc.a(lib_a-__call_atexit.o)
 .text.__call_exitprocs
                0x000008fc      0x108 c:/program files (x86)/gnu tools arm embedded/4.9 2015q2/bin/../lib/gcc/arm-none-eabi/4.9.3/../../../../arm-none-eabi/lib/armv6-m\libc.a(lib_a-__call_atexit.o)
                0x000008fc                __call_exitprocs
 .text.atexit   0x00000a04       0x10 c:/program files (x86)/gnu tools arm embedded/4.9 2015q2/bin/../lib/gcc/arm-none-eabi/4.9.3/../../../../arm-none-eabi/lib/armv6-m\libc.a(lib_a-atexit.o)
                0x00000a04                atexit
 .text.__libc_fini_array
                0x00000a14       0x34 c:/program files (x86)/gnu tools arm embedded/4.9 2015q2/bin/../lib/gcc/arm-none-eabi/4.9.3/../../../../arm-none-eabi/lib/armv6-m\libc.a(lib_a-fini.o)
                0x00000a14                __libc_fini_array
 .text.__register_exitproc
                0x00000a48       0xd4 c:/program files (x86)/gnu tools arm embedded/4.9 2015q2/bin/../lib/gcc/arm-none-eabi/4.9.3/../../../../arm-none-eabi/lib/armv6-m\libc.a(lib_a-__atexit.o)
                0x00000a48                __register_exitproc
 .text._exit    0x00000b1c        0x4 c:/program files (x86)/gnu tools arm embedded/4.9 2015q2/bin/../lib/gcc/arm-none-eabi/4.9.3/../../../../arm-none-eabi/lib/armv6-m\libnosys.a(_exit.o)
                0x00000b1c                _exit
 *(.rodata)
 *(.rodata*)
 .rodata.str1.4
                0x00000b20        0x4 c:/program files (x86)/gnu tools arm embedded/4.9 2015q2/bin/../lib/gcc/arm-none-eabi/4.9.3/../../../../arm-none-eabi/lib/armv6-m\libc.a(lib_a-impure.o)
                                  0x2 (size before relaxing)
 .rodata._global_impure_ptr
                0x00000b24        0x4 c:/program files (x86)/gnu tools arm embedded/4.9 2015q2/bin/../lib/gcc/arm-none-eabi/4.9.3/../../../../arm-none-eabi/lib/armv6-m\libc.a(lib_a-impure.o)
                0x00000b24                _global_impure_ptr
 *(.glue_7)
 .glue_7        0x00000000        0x0 linker stubs
 *(.glue_7t)
 .glue_7t       0x00000000        0x0 linker stubs
 *(.eh_frame)
 .eh_frame      0x00000b28        0x0 c:/program files (x86)/gnu tools arm embedded/4.9 2015q2/bin/../lib/gcc/arm-none-eabi/4.9.3/armv6-m/crtbegin.o
 *(.init)
 .init          0x00000b28        0x4 c:/program files (x86)/gnu tools arm embedded/4.9 2015q2/bin/../lib/gcc/arm-none-eabi/4.9.3/armv6-m/crti.o
                0x00000b28                _init
 .init          0x00000b2c        0x8 c:/program files (x86)/gnu tools arm embedded/4.9 2015q2/bin/../lib/gcc/arm-none-eabi/4.9.3/armv6-m/crtn.o
 *(.fini)
 .fini          0x00000b34        0x4 c:/program files (x86)/gnu tools arm embedded/4.9 2015q2/bin/../lib/gcc/arm-none-eabi/4.9.3/armv6-m/crti.o
                0x00000b34                _fini
 .fini          0x00000b38        0x8 c:/program files (x86)/gnu tools arm embedded/4.9 2015q2/bin/../lib/gcc/arm-none-eabi/4.9.3/armv6-m/crtn.o
                0x00000b40                . = ALIGN (0x4)

.vfp11_veneer   0x00000b40        0x0
 .vfp11_veneer  0x00000000        0x0 linker stubs

.v4_bx          0x00000b40        0x0
 .v4_bx         0x00000000        0x0 linker stubs

.iplt           0x00000b40        0x0
 .iplt          0x00000000        0x0 c:/program files (x86)/gnu tools arm embedded/4.9 2015q2/bin/../lib/gcc/arm-none-eabi/4.9.3/armv6-m/crtbegin.o

.ARM.extab
 *(.ARM.extab* .gnu.linkonce.armextab.*)

.ARM            0x00000b40        0x8
                0x00000b40                __exidx_start = .
 *(.ARM.exidx*)
 .ARM.exidx     0x00000b40        0x8 c:/program files (x86)/gnu tools arm embedded/4.9 2015q2/bin/../lib/gcc/arm-none-eabi/4.9.3/../../../../arm-none-eabi/lib/armv6-m/crt0.o
                0x00000b48                __exidx_end = .

.rel.dyn        0x00000b48        0x0
 .rel.iplt      0x00000000        0x0 c:/program files (x86)/gnu tools arm embedded/4.9 2015q2/bin/../lib/gcc/arm-none-eabi/4.9.3/armv6-m/crtbegin.o

.ctors          0x00000b48        0x0
                0x00000b48                __CTOR_LIST__ = .
 *crtbegin.o(.ctors)
 *crtbegin?.o(.ctors)
 *(EXCLUDE_FILE(*crtend.o *crtend?.o) .ctors)
 *(SORT(.ctors.*))
 *(.ctors)
                0x00000b48                __CTOR_END__ = .

.dtors          0x00000b48        0x0
                0x00000b48                __DTOR_LIST__ = .
 *crtbegin.o(.dtors)
 *crtbegin?.o(.dtors)
 *(EXCLUDE_FILE(*crtend.o *crtend?.o) .dtors)
 *(SORT(.dtors.*))
 *(.dtors)
                0x00000b48                __DTOR_END__ = .

.preinit_array  0x00000b48        0x0
                0x00000b48                PROVIDE (__preinit_array_start, .)
 *(.preinit_array*)
                0x00000b48                PROVIDE (__preinit_array_end, .)

.init_array     0x00000b48        0x8
                0x00000b48                PROVIDE (__init_array_start, .)
 *(SORT(.init_array.*))
 .init_array.00000
                0x00000b48        0x4 c:/program files (x86)/gnu tools arm embedded/4.9 2015q2/bin/../lib/gcc/arm-none-eabi/4.9.3/../../../../arm-none-eabi/lib/armv6-m\libc.a(lib_a-__call_atexit.o)
 *(.init_array*)
 .init_array    0x00000b4c        0x4 c:/program files (x86)/gnu tools arm embedded/4.9 2015q2/bin/../lib/gcc/arm-none-eabi/4.9.3/armv6-m/crtbegin.o
                0x00000b50                PROVIDE (__init_array_end, .)

.fini_array     0x00000b50        0x4
                0x00000b50                PROVIDE (__fini_array_start, .)
 *(SORT(.fini_array.*))
 *(.fini_array*)
 .fini_array    0x00000b50        0x4 c:/program files (x86)/gnu tools arm embedded/4.9 2015q2/bin/../lib/gcc/arm-none-eabi/4.9.3/armv6-m/crtbegin.o
                0x00000b54                PROVIDE (__fini_array_end, .)
                0x00000b54                __etext = .
                0x00000b54                __DATA_ROM = .

.mtb            0x1ffff000        0x0
                0x1ffff000                . = ALIGN (0x8)
                0x1ffff000                _mtb_start = .
 *(.mtb_buf)
                0x1ffff000                . = ALIGN (0x8)
                0x1ffff000                _mtb_end = .

.data           0x1ffff000      0x434 load address 0x00000b54
                0x1ffff000                . = ALIGN (0x4)
                0x1ffff000                __DATA_RAM = .
                0x1ffff000                __data_start__ = .
 *(.data)
 .data          0x1ffff000        0x4 build\obj\Debug-Win\src\startup\src\system_MKL27Z644.o
                0x1ffff000                SystemCoreClock
 *(.data*)
 *fill*         0x1ffff004        0x4 
 .data.impure_data
                0x1ffff008      0x428 c:/program files (x86)/gnu tools arm embedded/4.9 2015q2/bin/../lib/gcc/arm-none-eabi/4.9.3/../../../../arm-none-eabi/lib/armv6-m\libc.a(lib_a-impure.o)
 *(.jcr*)
 .jcr           0x1ffff430        0x0 c:/program files (x86)/gnu tools arm embedded/4.9 2015q2/bin/../lib/gcc/arm-none-eabi/4.9.3/armv6-m/crtbegin.o
 .jcr           0x1ffff430        0x4 c:/program files (x86)/gnu tools arm embedded/4.9 2015q2/bin/../lib/gcc/arm-none-eabi/4.9.3/armv6-m/crtend.o
                0x1ffff434                . = ALIGN (0x4)
                0x1ffff434                __data_end__ = .
                0x00000f88                __DATA_END = (__DATA_ROM + (__data_end__ - __data_start__))

.igot.plt       0x1ffff434        0x0 load address 0x00000f88
 .igot.plt      0x00000000        0x0 c:/program files (x86)/gnu tools arm embedded/4.9 2015q2/bin/../lib/gcc/arm-none-eabi/4.9.3/armv6-m/crtbegin.o

.bss            0x1ffff434       0x1c load address 0x00000f88
                0x1ffff434                . = ALIGN (0x4)
                0x1ffff434                __START_BSS = .
                0x1ffff434                __bss_start__ = .
 *(.bss)
 .bss           0x1ffff434       0x1c c:/program files (x86)/gnu tools arm embedded/4.9 2015q2/bin/../lib/gcc/arm-none-eabi/4.9.3/armv6-m/crtbegin.o
 *(.bss*)
 *(COMMON)
                0x1ffff450                . = ALIGN (0x4)
                0x1ffff450                __bss_end__ = .
                0x1ffff450                __END_BSS = .

.heap           0x1ffff450      0x400 load address 0x00000fa4
                0x1ffff450                . = ALIGN (0x8)
                0x1ffff450                __end__ = .
                0x1ffff450                PROVIDE (end, .)
                0x1ffff450                __HeapBase = .
                0x1ffff850                . = (. + HEAP_SIZE)
 *fill*         0x1ffff450      0x400 
                0x1ffff850                __HeapLimit = .

.stack          0x1ffff850      0x400 load address 0x000013a4
                0x1ffff850                . = ALIGN (0x8)
                0x1ffffc50                . = (. + STACK_SIZE)
 *fill*         0x1ffff850      0x400 
                0x20003000                __StackTop = (ORIGIN (m_data) + 0x4000)
                0x20002c00                __StackLimit = (__StackTop - STACK_SIZE)
                0x20003000                PROVIDE (__stack, __StackTop)

.ARM.attributes
                0x00000000       0x28
 *(.ARM.attributes)
 .ARM.attributes
                0x00000000       0x1e c:/program files (x86)/gnu tools arm embedded/4.9 2015q2/bin/../lib/gcc/arm-none-eabi/4.9.3/armv6-m/crti.o
 .ARM.attributes
                0x0000001e       0x2c c:/program files (x86)/gnu tools arm embedded/4.9 2015q2/bin/../lib/gcc/arm-none-eabi/4.9.3/armv6-m/crtbegin.o
 .ARM.attributes
                0x0000004a       0x1b c:/program files (x86)/gnu tools arm embedded/4.9 2015q2/bin/../lib/gcc/arm-none-eabi/4.9.3/../../../../arm-none-eabi/lib/armv6-m/crt0.o
 .ARM.attributes
                0x00000065       0x32 build\obj\Debug-Win\src\application\main.o
 .ARM.attributes
                0x00000097       0x1b build\obj\Debug-Win\src\startup\src\startup_MKL27Z644.o
 .ARM.attributes
                0x000000b2       0x32 build\obj\Debug-Win\src\startup\src\system_MKL27Z644.o
 .ARM.attributes
                0x000000e4       0x2c c:/program files (x86)/gnu tools arm embedded/4.9 2015q2/bin/../lib/gcc/arm-none-eabi/4.9.3/../../../../arm-none-eabi/lib/armv6-m\libc.a(lib_a-exit.o)
 .ARM.attributes
                0x00000110       0x2c c:/program files (x86)/gnu tools arm embedded/4.9 2015q2/bin/../lib/gcc/arm-none-eabi/4.9.3/../../../../arm-none-eabi/lib/armv6-m\libc.a(lib_a-impure.o)
 .ARM.attributes
                0x0000013c       0x2c c:/program files (x86)/gnu tools arm embedded/4.9 2015q2/bin/../lib/gcc/arm-none-eabi/4.9.3/../../../../arm-none-eabi/lib/armv6-m\libc.a(lib_a-init.o)
 .ARM.attributes
                0x00000168       0x2c c:/program files (x86)/gnu tools arm embedded/4.9 2015q2/bin/../lib/gcc/arm-none-eabi/4.9.3/../../../../arm-none-eabi/lib/armv6-m\libc.a(lib_a-memset.o)
 .ARM.attributes
                0x00000194       0x2c c:/program files (x86)/gnu tools arm embedded/4.9 2015q2/bin/../lib/gcc/arm-none-eabi/4.9.3/../../../../arm-none-eabi/lib/armv6-m\libc.a(lib_a-__call_atexit.o)
 .ARM.attributes
                0x000001c0       0x2c c:/program files (x86)/gnu tools arm embedded/4.9 2015q2/bin/../lib/gcc/arm-none-eabi/4.9.3/../../../../arm-none-eabi/lib/armv6-m\libc.a(lib_a-atexit.o)
 .ARM.attributes
                0x000001ec       0x2c c:/program files (x86)/gnu tools arm embedded/4.9 2015q2/bin/../lib/gcc/arm-none-eabi/4.9.3/../../../../arm-none-eabi/lib/armv6-m\libc.a(lib_a-fini.o)
 .ARM.attributes
                0x00000218       0x2c c:/program files (x86)/gnu tools arm embedded/4.9 2015q2/bin/../lib/gcc/arm-none-eabi/4.9.3/../../../../arm-none-eabi/lib/armv6-m\libc.a(lib_a-__atexit.o)
 .ARM.attributes
                0x00000244       0x1e c:/program files (x86)/gnu tools arm embedded/4.9 2015q2/bin/../lib/gcc/arm-none-eabi/4.9.3/armv6-m\libgcc.a(_udivsi3.o)
 .ARM.attributes
                0x00000262       0x1e c:/program files (x86)/gnu tools arm embedded/4.9 2015q2/bin/../lib/gcc/arm-none-eabi/4.9.3/armv6-m\libgcc.a(_dvmd_tls.o)
 .ARM.attributes
                0x00000280       0x2c c:/program files (x86)/gnu tools arm embedded/4.9 2015q2/bin/../lib/gcc/arm-none-eabi/4.9.3/../../../../arm-none-eabi/lib/armv6-m\libnosys.a(_exit.o)
 .ARM.attributes
                0x000002ac       0x2c c:/program files (x86)/gnu tools arm embedded/4.9 2015q2/bin/../lib/gcc/arm-none-eabi/4.9.3/armv6-m/crtend.o
 .ARM.attributes
                0x000002d8       0x1e c:/program files (x86)/gnu tools arm embedded/4.9 2015q2/bin/../lib/gcc/arm-none-eabi/4.9.3/armv6-m/crtn.o
                0x00000001                ASSERT ((__StackLimit >= __HeapLimit), region m_data overflowed with stack and heap)
OUTPUT(build\bin\Debug-Win\KL27Z644.elf elf32-littlearm)

.debug_info     0x00000000      0x863
 .debug_info    0x00000000      0x3cb build\obj\Debug-Win\src\application\main.o
 .debug_info    0x000003cb       0x66 build\obj\Debug-Win\src\startup\src\startup_MKL27Z644.o
 .debug_info    0x00000431      0x432 build\obj\Debug-Win\src\startup\src\system_MKL27Z644.o

.debug_abbrev   0x00000000      0x247
 .debug_abbrev  0x00000000      0x11d build\obj\Debug-Win\src\application\main.o
 .debug_abbrev  0x0000011d       0x14 build\obj\Debug-Win\src\startup\src\startup_MKL27Z644.o
 .debug_abbrev  0x00000131      0x116 build\obj\Debug-Win\src\startup\src\system_MKL27Z644.o

.debug_aranges  0x00000000       0x68
 .debug_aranges
                0x00000000       0x28 build\obj\Debug-Win\src\application\main.o
 .debug_aranges
                0x00000028       0x20 build\obj\Debug-Win\src\startup\src\startup_MKL27Z644.o
 .debug_aranges
                0x00000048       0x20 build\obj\Debug-Win\src\startup\src\system_MKL27Z644.o

.debug_ranges   0x00000000       0x18
 .debug_ranges  0x00000000       0x18 build\obj\Debug-Win\src\application\main.o

.debug_macro    0x00000000     0x6ef5
 .debug_macro   0x00000000       0xba build\obj\Debug-Win\src\application\main.o
 .debug_macro   0x000000ba      0x81a build\obj\Debug-Win\src\application\main.o
 .debug_macro   0x000008d4       0x16 build\obj\Debug-Win\src\application\main.o
 .debug_macro   0x000008ea       0x22 build\obj\Debug-Win\src\application\main.o
 .debug_macro   0x0000090c       0x44 build\obj\Debug-Win\src\application\main.o
 .debug_macro   0x00000950       0x58 build\obj\Debug-Win\src\application\main.o
 .debug_macro   0x000009a8       0x22 build\obj\Debug-Win\src\application\main.o
 .debug_macro   0x000009ca      0x1df build\obj\Debug-Win\src\application\main.o
 .debug_macro   0x00000ba9       0x39 build\obj\Debug-Win\src\application\main.o
 .debug_macro   0x00000be2       0x3a build\obj\Debug-Win\src\application\main.o
 .debug_macro   0x00000c1c       0x1f build\obj\Debug-Win\src\application\main.o
 .debug_macro   0x00000c3b      0x250 build\obj\Debug-Win\src\application\main.o
 .debug_macro   0x00000e8b       0xa4 build\obj\Debug-Win\src\application\main.o
 .debug_macro   0x00000f2f     0x5e3e build\obj\Debug-Win\src\application\main.o
 .debug_macro   0x00006d6d       0xa6 build\obj\Debug-Win\src\application\main.o
 .debug_macro   0x00006e13       0x97 build\obj\Debug-Win\src\startup\src\system_MKL27Z644.o
 .debug_macro   0x00006eaa       0x4b build\obj\Debug-Win\src\startup\src\system_MKL27Z644.o

.debug_line     0x00000000      0x60c
 .debug_line    0x00000000      0x2e0 build\obj\Debug-Win\src\application\main.o
 .debug_line    0x000002e0       0x76 build\obj\Debug-Win\src\startup\src\startup_MKL27Z644.o
 .debug_line    0x00000356      0x2b6 build\obj\Debug-Win\src\startup\src\system_MKL27Z644.o

.debug_str      0x00000000    0x23319
 .debug_str     0x00000000    0x231cf build\obj\Debug-Win\src\application\main.o
                              0x23333 (size before relaxing)
 .debug_str     0x000231cf      0x14a build\obj\Debug-Win\src\startup\src\system_MKL27Z644.o
                              0x22b6d (size before relaxing)

.comment        0x00000000       0x70
 .comment       0x00000000       0x70 build\obj\Debug-Win\src\application\main.o
                                 0x71 (size before relaxing)
 .comment       0x00000000       0x71 build\obj\Debug-Win\src\startup\src\system_MKL27Z644.o

.debug_frame    0x00000000      0x23c
 .debug_frame   0x00000000       0x58 build\obj\Debug-Win\src\application\main.o
 .debug_frame   0x00000058       0x40 build\obj\Debug-Win\src\startup\src\system_MKL27Z644.o
 .debug_frame   0x00000098       0x28 c:/program files (x86)/gnu tools arm embedded/4.9 2015q2/bin/../lib/gcc/arm-none-eabi/4.9.3/../../../../arm-none-eabi/lib/armv6-m\libc.a(lib_a-exit.o)
 .debug_frame   0x000000c0       0x2c c:/program files (x86)/gnu tools arm embedded/4.9 2015q2/bin/../lib/gcc/arm-none-eabi/4.9.3/../../../../arm-none-eabi/lib/armv6-m\libc.a(lib_a-init.o)
 .debug_frame   0x000000ec       0x2c c:/program files (x86)/gnu tools arm embedded/4.9 2015q2/bin/../lib/gcc/arm-none-eabi/4.9.3/../../../../arm-none-eabi/lib/armv6-m\libc.a(lib_a-memset.o)
 .debug_frame   0x00000118       0x54 c:/program files (x86)/gnu tools arm embedded/4.9 2015q2/bin/../lib/gcc/arm-none-eabi/4.9.3/../../../../arm-none-eabi/lib/armv6-m\libc.a(lib_a-__call_atexit.o)
 .debug_frame   0x0000016c       0x28 c:/program files (x86)/gnu tools arm embedded/4.9 2015q2/bin/../lib/gcc/arm-none-eabi/4.9.3/../../../../arm-none-eabi/lib/armv6-m\libc.a(lib_a-atexit.o)
 .debug_frame   0x00000194       0x2c c:/program files (x86)/gnu tools arm embedded/4.9 2015q2/bin/../lib/gcc/arm-none-eabi/4.9.3/../../../../arm-none-eabi/lib/armv6-m\libc.a(lib_a-fini.o)
 .debug_frame   0x000001c0       0x3c c:/program files (x86)/gnu tools arm embedded/4.9 2015q2/bin/../lib/gcc/arm-none-eabi/4.9.3/../../../../arm-none-eabi/lib/armv6-m\libc.a(lib_a-__atexit.o)
 .debug_frame   0x000001fc       0x20 c:/program files (x86)/gnu tools arm embedded/4.9 2015q2/bin/../lib/gcc/arm-none-eabi/4.9.3/armv6-m\libgcc.a(_udivsi3.o)
 .debug_frame   0x0000021c       0x20 c:/program files (x86)/gnu tools arm embedded/4.9 2015q2/bin/../lib/gcc/arm-none-eabi/4.9.3/../../../../arm-none-eabi/lib/armv6-m\libnosys.a(_exit.o)

.debug_loc      0x00000000       0x1e
 .debug_loc     0x00000000       0x1e build\obj\Debug-Win\src\startup\src\system_MKL27Z644.o
